{
    "-profile test": {
        "content": [
            56,
            {
                "BEDTOOLS_MAKEWINDOWS": {
                    "bedtools": "2.31.1"
                },
                "BWAMEM1_MEM": {
                    "bwa": "0.7.18-r1243-dirty",
                    "samtools": 1.21
                },
                "BWA_INDEX": {
                    "bwa": "0.7.18-r1243-dirty"
                },
                "DEEPTOOLS_BAMCOVERAGE": {
                    "deeptools": "3.5.5"
                },
                "DEEPTOOLS_MULTIBAMSUMMARY": {
                    "deeptools": "3.5.5"
                },
                "DEEPTOOLS_PLOTCORRELATION": {
                    "deeptools": "3.5.5"
                },
                "DEEPTOOLS_PLOTFINGERPRINT_GLOBAL": {
                    "deeptools": "3.5.5"
                },
                "DEEPTOOLS_PLOTPCA": {
                    "deeptools": "3.5.5"
                },
                "FASTQC": {
                    "fastqc": "0.12.1"
                },
                "GENOME_BLACKLIST_REGIONS": {
                    "bedtools": "2.30.0"
                },
                "PICARD_MARKDUPLICATES": {
                    "picard": "3.3.0"
                },
                "SAMTOOLS_FAIDX_CHROM_SIZES": {
                    "samtools": 1.21
                },
                "SAMTOOLS_FAIDX_FAI": {
                    "samtools": 1.21
                },
                "SAMTOOLS_FLAGSTAT": {
                    "samtools": 1.21
                },
                "SAMTOOLS_IDXSTATS": {
                    "samtools": 1.21
                },
                "SAMTOOLS_INDEX": {
                    "samtools": 1.21
                },
                "SAMTOOLS_STATS": {
                    "samtools": 1.21
                },
                "TRIMGALORE": {
                    "trimgalore": "0.6.10",
                    "cutadapt": 4.9,
                    "pigz": 2.8
                },
                "Workflow": {
                    "nf-core/sammyseq": "v1.0dev"
                }
            },
            [
                "alignment",
                "alignment/filtered",
                "alignment/filtered/CTRL004_S2.q1.bam",
                "alignment/filtered/CTRL004_S2.q1.bam.bai",
                "alignment/filtered/CTRL004_S3.q1.bam",
                "alignment/filtered/CTRL004_S3.q1.bam.bai",
                "alignment/filtered/CTRL004_S4.q1.bam",
                "alignment/filtered/CTRL004_S4.q1.bam.bai",
                "alignment/markduplicates",
                "alignment/markduplicates/CTRL004_S2.md.bam",
                "alignment/markduplicates/CTRL004_S2.md.bam.bai",
                "alignment/markduplicates/CTRL004_S3.md.bam",
                "alignment/markduplicates/CTRL004_S3.md.bam.bai",
                "alignment/markduplicates/CTRL004_S4.md.bam",
                "alignment/markduplicates/CTRL004_S4.md.bam.bai",
                "fastqc",
                "fastqc/CTRL004_S2_fastqc.html",
                "fastqc/CTRL004_S2_fastqc.zip",
                "fastqc/CTRL004_S2_trim_fastqc.html",
                "fastqc/CTRL004_S2_trim_fastqc.zip",
                "fastqc/CTRL004_S3_fastqc.html",
                "fastqc/CTRL004_S3_fastqc.zip",
                "fastqc/CTRL004_S3_trim_fastqc.html",
                "fastqc/CTRL004_S3_trim_fastqc.zip",
                "fastqc/CTRL004_S4_fastqc.html",
                "fastqc/CTRL004_S4_fastqc.zip",
                "fastqc/CTRL004_S4_trim_fastqc.html",
                "fastqc/CTRL004_S4_trim_fastqc.zip",
                "genome",
                "genome/bin_by_chromosome",
                "genome/bin_by_chromosome/chr22.binned.bed",
                "genome/chr22.fa.fai",
                "genome/chr22.fa.sizes",
                "genome/versions.yml",
                "multiqc",
                "multiqc/multiqc_data",
                "multiqc/multiqc_data/deeptools_correlation_plot.txt",
                "multiqc/multiqc_data/deeptools_fingerprint_plot.txt",
                "multiqc/multiqc_data/deeptools_pca_plot.txt",
                "multiqc/multiqc_data/deeptools_plot_PCA.txt",
                "multiqc/multiqc_data/deeptools_plot_fingerprint_counts.txt",
                "multiqc/multiqc_data/deeptools_plot_fingerprint_metrics.txt",
                "multiqc/multiqc_data/fastqc-status-check-heatmap.txt",
                "multiqc/multiqc_data/fastqc_adapter_content_plot.txt",
                "multiqc/multiqc_data/fastqc_per_base_n_content_plot.txt",
                "multiqc/multiqc_data/fastqc_per_base_sequence_quality_plot.txt",
                "multiqc/multiqc_data/fastqc_per_sequence_gc_content_plot_Counts.txt",
                "multiqc/multiqc_data/fastqc_per_sequence_gc_content_plot_Percentages.txt",
                "multiqc/multiqc_data/fastqc_per_sequence_quality_scores_plot.txt",
                "multiqc/multiqc_data/fastqc_sequence_counts_plot.txt",
                "multiqc/multiqc_data/fastqc_sequence_duplication_levels_plot.txt",
                "multiqc/multiqc_data/fastqc_sequence_length_distribution_plot.txt",
                "multiqc/multiqc_data/multiqc.log",
                "multiqc/multiqc_data/multiqc_citations.txt",
                "multiqc/multiqc_data/multiqc_data.json",
                "multiqc/multiqc_data/multiqc_fastqc.txt",
                "multiqc/multiqc_data/multiqc_general_stats.txt",
                "multiqc/multiqc_data/multiqc_picard_dups.txt",
                "multiqc/multiqc_data/multiqc_samtools_flagstat.txt",
                "multiqc/multiqc_data/multiqc_samtools_idxstats.txt",
                "multiqc/multiqc_data/multiqc_samtools_stats.txt",
                "multiqc/multiqc_data/multiqc_software_versions.txt",
                "multiqc/multiqc_data/multiqc_sources.txt",
                "multiqc/multiqc_data/picard_MarkIlluminaAdapters_histogram.txt",
                "multiqc/multiqc_data/picard_MeanQualityByCycle_histogram.txt",
                "multiqc/multiqc_data/picard_QualityScoreDistribution_histogram.txt",
                "multiqc/multiqc_data/picard_deduplication.txt",
                "multiqc/multiqc_data/plotFingerprint_quality_metrics.txt",
                "multiqc/multiqc_data/samtools-flagstat-dp.txt",
                "multiqc/multiqc_data/samtools-idxstats-mapped-reads-plot_Normalised_Counts.txt",
                "multiqc/multiqc_data/samtools-idxstats-mapped-reads-plot_Observed_over_Expected_Counts.txt",
                "multiqc/multiqc_data/samtools-idxstats-mapped-reads-plot_Raw_Counts.txt",
                "multiqc/multiqc_data/samtools-stats-dp.txt",
                "multiqc/multiqc_data/samtools_alignment_plot.txt",
                "multiqc/multiqc_report.html",
                "pipeline_info",
                "pipeline_info/nf_core_sammyseq_software_mqc_versions.yml",
                "reports",
                "reports/deeptools",
                "reports/deeptools/multibamsummary",
                "reports/deeptools/multibamsummary/all_target_bams.bamSummary.npz",
                "reports/deeptools/plotcorrelation",
                "reports/deeptools/plotcorrelation/all_target_bams.plotCorrelation.mat.tab",
                "reports/deeptools/plotcorrelation/all_target_bams.plotCorrelation.pdf",
                "reports/deeptools/plotfingerprint",
                "reports/deeptools/plotfingerprint/global",
                "reports/deeptools/plotfingerprint/global/CTRL004_global.plotFingerprint.pdf",
                "reports/deeptools/plotfingerprint/global/CTRL004_global.plotFingerprint.qcmetrics.txt",
                "reports/deeptools/plotfingerprint/global/CTRL004_global.plotFingerprint.raw.txt",
                "reports/deeptools/plotpca",
                "reports/deeptools/plotpca/all_target_bams.plotPCA.pdf",
                "reports/deeptools/plotpca/all_target_bams.plotPCA.tab",
                "reports/markduplicates",
                "reports/markduplicates/CTRL004_S2.md.MarkDuplicates.metrics.txt",
                "reports/markduplicates/CTRL004_S3.md.MarkDuplicates.metrics.txt",
                "reports/markduplicates/CTRL004_S4.md.MarkDuplicates.metrics.txt",
                "reports/samtools_stats",
                "reports/samtools_stats/CTRL004_S2",
                "reports/samtools_stats/CTRL004_S2/filtered",
                "reports/samtools_stats/CTRL004_S2/filtered/CTRL004_S2.flagstat",
                "reports/samtools_stats/CTRL004_S2/filtered/CTRL004_S2.idxstats",
                "reports/samtools_stats/CTRL004_S2/filtered/CTRL004_S2.stats",
                "reports/samtools_stats/CTRL004_S2/md",
                "reports/samtools_stats/CTRL004_S2/md/CTRL004_S2.flagstat",
                "reports/samtools_stats/CTRL004_S2/md/CTRL004_S2.idxstats",
                "reports/samtools_stats/CTRL004_S2/md/CTRL004_S2.stats",
                "reports/samtools_stats/CTRL004_S3",
                "reports/samtools_stats/CTRL004_S3/filtered",
                "reports/samtools_stats/CTRL004_S3/filtered/CTRL004_S3.flagstat",
                "reports/samtools_stats/CTRL004_S3/filtered/CTRL004_S3.idxstats",
                "reports/samtools_stats/CTRL004_S3/filtered/CTRL004_S3.stats",
                "reports/samtools_stats/CTRL004_S3/md",
                "reports/samtools_stats/CTRL004_S3/md/CTRL004_S3.flagstat",
                "reports/samtools_stats/CTRL004_S3/md/CTRL004_S3.idxstats",
                "reports/samtools_stats/CTRL004_S3/md/CTRL004_S3.stats",
                "reports/samtools_stats/CTRL004_S4",
                "reports/samtools_stats/CTRL004_S4/filtered",
                "reports/samtools_stats/CTRL004_S4/filtered/CTRL004_S4.flagstat",
                "reports/samtools_stats/CTRL004_S4/filtered/CTRL004_S4.idxstats",
                "reports/samtools_stats/CTRL004_S4/filtered/CTRL004_S4.stats",
                "reports/samtools_stats/CTRL004_S4/md",
                "reports/samtools_stats/CTRL004_S4/md/CTRL004_S4.flagstat",
                "reports/samtools_stats/CTRL004_S4/md/CTRL004_S4.idxstats",
                "reports/samtools_stats/CTRL004_S4/md/CTRL004_S4.stats",
                "single_tracks",
                "single_tracks/deeptools",
                "single_tracks/deeptools/CTRL004_S2.q1.RPKM.bw",
                "single_tracks/deeptools/CTRL004_S3.q1.RPKM.bw",
                "single_tracks/deeptools/CTRL004_S4.q1.RPKM.bw"
            ],
            [
                "CTRL004_S2.q1.bam:md5,1337558dd8adb9b97de4b06149d14893",
                "CTRL004_S2.q1.bam.bai:md5,4284738312437fcff143a94117b4ceeb",
                "CTRL004_S3.q1.bam:md5,04a683a4a674235c25127a15ebb2f682",
                "CTRL004_S3.q1.bam.bai:md5,da86246144507e59fb021621372e63fb",
                "CTRL004_S4.q1.bam:md5,329c7940efc1d84b892019c9d6eee700",
                "CTRL004_S4.q1.bam.bai:md5,9f3af78d91bfb113b305e99de2e0c041",
                "CTRL004_S2.md.bam:md5,12366e5e3bceb57be29294a2360685b7",
                "CTRL004_S2.md.bam.bai:md5,b9ab9c78a407c4cead2a336f6cdff623",
                "CTRL004_S3.md.bam:md5,a004bd2516115c833a845160f3426caf",
                "CTRL004_S3.md.bam.bai:md5,24b4f0825a54e35af9dcc14aab9f0abe",
                "CTRL004_S4.md.bam:md5,842743814d1e0e6247756cfa7a9981a8",
                "CTRL004_S4.md.bam.bai:md5,44953bdb1d9c05d4ec1660a3e0aa9100",
                "chr22.binned.bed:md5,1f50a634c5057be8b5cf576dabd8140b",
                "chr22.fa.fai:md5,6d0b824b29dd8593c2b7575ddc345ece",
                "chr22.fa.sizes:md5,3b8cd381d92f11c1a6cd64a01a5c4b66",
                "versions.yml:md5,334ff10c4cb7c45934e8839168763216",
                "deeptools_correlation_plot.txt:md5,6c05e7a6bc6b84f813c1687927ce4ab1",
                "deeptools_fingerprint_plot.txt:md5,69d4e6bdab5fa365357dca87a5065223",
                "deeptools_pca_plot.txt:md5,d4dcd12f07295a7b23cc42c75c6f0225",
                "deeptools_plot_PCA.txt:md5,10d859426fffaad9811d1c2c4ae9062a",
                "deeptools_plot_fingerprint_counts.txt:md5,1855a7beffd277849f22194044c8216f",
                "deeptools_plot_fingerprint_metrics.txt:md5,cf29429a93bf6ef2b25a2a0a65c71f3c",
                "fastqc-status-check-heatmap.txt:md5,17d93c671e5548b5d52922c70d2a3a56",
                "fastqc_adapter_content_plot.txt:md5,b79317ef4a31f8b89de021d2b0606a45",
                "fastqc_per_base_n_content_plot.txt:md5,fcb77daf5529fe05042eb8d86f1b0034",
                "fastqc_per_base_sequence_quality_plot.txt:md5,12bbe073288e5d12c873ed4814ca51ef",
                "fastqc_per_sequence_gc_content_plot_Counts.txt:md5,12f163b0e8f87b6b9a9d9f417a7bb34c",
                "fastqc_per_sequence_gc_content_plot_Percentages.txt:md5,a8e261c0cc59ebb7c67b632837ff27b3",
                "fastqc_per_sequence_quality_scores_plot.txt:md5,7443672db81d9faec42b033c1ad2aa03",
                "fastqc_sequence_counts_plot.txt:md5,b7c0b9d496035b1aa4a162cfbaa03ffa",
                "fastqc_sequence_duplication_levels_plot.txt:md5,bb8058c7e9b402771279e949d80b841f",
                "fastqc_sequence_length_distribution_plot.txt:md5,8d981b6f5bbf155ff5159e2c36b4e049",
                "multiqc_citations.txt:md5,b45b5a546f3d750b365accd1b9033e14",
                "multiqc_fastqc.txt:md5,22f5dea66cca8ec3fe77000753be8390",
                "multiqc_general_stats.txt:md5,712871c22d03aa10db793b3adf5f26e1",
                "multiqc_picard_dups.txt:md5,a92060069edfaba1000ec795e8c30672",
                "multiqc_samtools_flagstat.txt:md5,981ec69046d60962e12b46b952ddc329",
                "multiqc_samtools_idxstats.txt:md5,80ffb6de77bcfc02604b19a93cbadbd0",
                "multiqc_samtools_stats.txt:md5,92fc1a5ed2b237e1c9214a0fb87a199c",
                "picard_MarkIlluminaAdapters_histogram.txt:md5,d41d8cd98f00b204e9800998ecf8427e",
                "picard_MeanQualityByCycle_histogram.txt:md5,d41d8cd98f00b204e9800998ecf8427e",
                "picard_QualityScoreDistribution_histogram.txt:md5,d41d8cd98f00b204e9800998ecf8427e",
                "picard_deduplication.txt:md5,e94234f64a05eccdd0fa2c6cb1cc1a8f",
                "plotFingerprint_quality_metrics.txt:md5,a7ce868ba6980020d270aab0ec0a21ae",
                "samtools-flagstat-dp.txt:md5,eb757fc0c8397024f3b090399e1b681e",
                "samtools-idxstats-mapped-reads-plot_Normalised_Counts.txt:md5,5f72634b5c4d6f0821926dc88e83604c",
                "samtools-idxstats-mapped-reads-plot_Observed_over_Expected_Counts.txt:md5,5f72634b5c4d6f0821926dc88e83604c",
                "samtools-idxstats-mapped-reads-plot_Raw_Counts.txt:md5,a9e393a702389c8a42a518d791ae58b9",
                "samtools-stats-dp.txt:md5,3a6e4d8ef5709e21ba20252d994d75e0",
                "samtools_alignment_plot.txt:md5,353a0f2972f2408242f42f8e44f99877",
                "all_target_bams.bamSummary.npz:md5,2dd15cee87d789f9ae800b8766212a52",
                "all_target_bams.plotCorrelation.mat.tab:md5,4b45caec40d932383b6e182f700cba41",
                "all_target_bams.plotCorrelation.pdf:md5,b5a32a02b97c67e4d166e602504850ab",
                "CTRL004_global.plotFingerprint.pdf:md5,d7fc3d1eb1df9035e4ccb03bd2b4b532",
                "CTRL004_global.plotFingerprint.qcmetrics.txt:md5,267ad78be5b633d18182ff77ce1ae91a",
                "CTRL004_global.plotFingerprint.raw.txt:md5,81345b6b076a7ec4dcdad5d9d954c187",
                "all_target_bams.plotPCA.pdf:md5,55f0d690433db487ce719406ddaa566f",
                "all_target_bams.plotPCA.tab:md5,1fca9ddb3f206527f727705b740679f4",
                "CTRL004_S2.md.MarkDuplicates.metrics.txt:md5,5941a94cf24df6e0952cd4654ce97204",
                "CTRL004_S3.md.MarkDuplicates.metrics.txt:md5,c80956b14881fdb6a1e3b7d6e955899e",
                "CTRL004_S4.md.MarkDuplicates.metrics.txt:md5,8e0cdf86a4c013cfb9523c179038eb63",
                "CTRL004_S2.flagstat:md5,fad1bb26917ecee7ef6d28812b61b928",
                "CTRL004_S2.idxstats:md5,e5c53300abc273b1a20805a1d7e7d235",
                "CTRL004_S2.stats:md5,ee0a15ae364d7c4bfbe9d805ed551edb",
                "CTRL004_S2.flagstat:md5,f3912e1e64470466a6d59a17e4caba7f",
                "CTRL004_S2.idxstats:md5,e4ae0ecb49f541d7383faedaa5fe1b7e",
                "CTRL004_S2.stats:md5,e5ceeec09767eb9a6ce55b60af75aec7",
                "CTRL004_S3.flagstat:md5,05d91f0a4ebcf96528e3b7444584fc47",
                "CTRL004_S3.idxstats:md5,0ad887ad7b3cf66e838ad35ba6d76e9a",
                "CTRL004_S3.stats:md5,b92b1fb9d3e5f773a08d3be55f1ff0c6",
                "CTRL004_S3.flagstat:md5,5fb6e7089f258cf830c696a94db8dc03",
                "CTRL004_S3.idxstats:md5,f2579ac16a56827dfef970b89800b1bd",
                "CTRL004_S3.stats:md5,6433056be54a3c4b30125e614ead91c2",
                "CTRL004_S4.flagstat:md5,5817d6521822ba867a04f2a76b942ba3",
                "CTRL004_S4.idxstats:md5,195e6d54c8debb71891652d2dca53804",
                "CTRL004_S4.stats:md5,3326b697b2e7aa33b98c8ce931af768e",
                "CTRL004_S4.flagstat:md5,2e264c45875aa7032731c593146604fa",
                "CTRL004_S4.idxstats:md5,62457dcfcceb6a1bb01cfedc8d2953fb",
                "CTRL004_S4.stats:md5,0f5446f0ab21e430b1431973ae87317f",
                "CTRL004_S2.q1.RPKM.bw:md5,fa37c9a024cf7e8f5dbb9a71c916ed0f",
                "CTRL004_S3.q1.RPKM.bw:md5,451d7c433438aa4f544d5254b8325c75",
                "CTRL004_S4.q1.RPKM.bw:md5,d335b9b4cb13443e823d092bb2dd8b14"
            ]
        ],
        "meta": {
            "nf-test": "0.9.0",
            "nextflow": "25.04.3"
        },
        "timestamp": "2025-06-05T10:22:40.474841"
    }
}